[templates.iqonic.design/foodsto/html/theme/dist/index.html]
[backblue.gif]
[fade.gif]
[index.html]
[templates.iqonic.design/foodsto/html/theme/dist/assets/images/favicon.ico]
[templates.iqonic.design/foodsto/html/theme/dist/assets/css/libs.min.css]
[templates.iqonic.design/foodsto/html/theme/dist/assets/vendor/@fortawesome/fontawesome-free/css/all.min.css]
[templates.iqonic.design/foodsto/html/theme/dist/assets/css/foodsto.mine209.css]
[templates.iqonic.design/foodsto/html/theme/dist/assets/images/logo.png]
[templates.iqonic.design/foodsto/html/theme/dist/home-2.html]
[templates.iqonic.design/foodsto/html/theme/dist/home-3.html]
[templates.iqonic.design/foodsto/html/theme/dist/about-us.html]
[templates.iqonic.design/foodsto/html/theme/dist/our-team.html]
[templates.iqonic.design/foodsto/html/theme/dist/contact-us.html]
[templates.iqonic.design/foodsto/html/theme/dist/category-list.html]
[templates.iqonic.design/foodsto/html/theme/dist/shop/shop-three-column.html]
[templates.iqonic.design/foodsto/html/theme/dist/shop/shop-four-column.html]
[templates.iqonic.design/foodsto/html/theme/dist/shop/shop-left-sidebar.html]
[templates.iqonic.design/foodsto/html/theme/dist/shop/shop-right-sidebar.html]
[templates.iqonic.design/foodsto/html/theme/dist/product/new-product.html]
[templates.iqonic.design/foodsto/html/theme/dist/product/onSale.html]
[templates.iqonic.design/foodsto/html/theme/dist/product/outOfStockProduct.html]
[templates.iqonic.design/foodsto/html/theme/dist/blog/one-column-blog.html]
[templates.iqonic.design/foodsto/html/theme/dist/blog/two-column-blog.html]
[templates.iqonic.design/foodsto/html/theme/dist/blog/three-column-blog.html]
[templates.iqonic.design/foodsto/html/theme/dist/blog/left-sidebar-blog.html]
[templates.iqonic.design/foodsto/html/theme/dist/blog/right-sidebar-blog.html]
[templates.iqonic.design/foodsto/html/theme/dist/assets/images/product/04.png]
[templates.iqonic.design/foodsto/html/theme/dist/assets/images/product/01.jpg]
[templates.iqonic.design/foodsto/html/theme/dist/assets/images/product/03.jpg]
[templates.iqonic.design/foodsto/html/theme/dist/assets/images/product/13.jpg]
[templates.iqonic.design/foodsto/html/theme/dist/cart.html]
[templates.iqonic.design/foodsto/html/theme/dist/checkout.html]
[templates.iqonic.design/foodsto/html/theme/dist/wishlist.html]
[templates.iqonic.design/foodsto/html/theme/dist/assets/images/banner/banner-2-shap.png]
[templates.iqonic.design/foodsto/html/theme/dist/assets/images/banner/man.png]
[templates.iqonic.design/foodsto/html/theme/dist/assets/images/category-product/icon.png]
[templates.iqonic.design/foodsto/html/theme/dist/assets/images/category-product/demo2.png]
[templates.iqonic.design/foodsto/html/theme/dist/assets/images/category-product/demo3.png]
[templates.iqonic.design/foodsto/html/theme/dist/assets/images/category-product/demo4.png]
[templates.iqonic.design/foodsto/html/theme/dist/assets/images/banner/banner-shap-2.png]
[templates.iqonic.design/foodsto/html/theme/dist/assets/images/banner/shap-8.png]
[templates.iqonic.design/foodsto/html/theme/dist/assets/images/banner/shap-10.png]
[templates.iqonic.design/foodsto/html/theme/dist/assets/images/product/14.jpg]
[templates.iqonic.design/foodsto/html/theme/dist/assets/images/product/15.jpg]
[templates.iqonic.design/foodsto/html/theme/dist/assets/images/product/16.png]
[templates.iqonic.design/foodsto/html/theme/dist/assets/images/product/05.jpg]
[templates.iqonic.design/foodsto/html/theme/dist/assets/images/video/video-bg.jpg]
[templates.iqonic.design/foodsto/html/theme/dist/assets/images/banner/shap-5.png]
[templates.iqonic.design/foodsto/html/theme/dist/assets/images/banner/banner-shap-5.png]
[templates.iqonic.design/foodsto/html/theme/dist/assets/images/product/02.jpg]
[templates.iqonic.design/foodsto/html/theme/dist/assets/images/product/06.jpg]
[templates.iqonic.design/foodsto/html/theme/dist/assets/images/banner/dish-1.png]
[templates.iqonic.design/foodsto/html/theme/dist/assets/images/testimonial/01.png]
[templates.iqonic.design/foodsto/html/theme/dist/assets/images/testimonial/02.png]
[templates.iqonic.design/foodsto/html/theme/dist/assets/images/testimonial/03.png]
[templates.iqonic.design/foodsto/html/theme/dist/assets/images/testimonial/04.png]
[templates.iqonic.design/foodsto/html/theme/dist/assets/images/testimonial/05.png]
[templates.iqonic.design/foodsto/html/theme/dist/assets/images/testimonial/06.png]
[templates.iqonic.design/foodsto/html/theme/dist/assets/images/banner/shap-11.png]
[templates.iqonic.design/foodsto/html/theme/dist/assets/images/blog/01.png]
[templates.iqonic.design/foodsto/html/theme/dist/blog/blog-detail.html]
[templates.iqonic.design/foodsto/html/theme/dist/assets/images/blog/02.png]
[templates.iqonic.design/foodsto/html/theme/dist/assets/images/blog/03.png]
[templates.iqonic.design/foodsto/html/theme/dist/assets/images/blog/04.png]
[templates.iqonic.design/foodsto/html/theme/dist/assets/images/blog/05.png]
[templates.iqonic.design/foodsto/html/theme/dist/assets/images/blog/06.png]
[templates.iqonic.design/foodsto/html/theme/dist/assets/images/blog/07.png]
[templates.iqonic.design/foodsto/html/theme/dist/assets/images/blog/08.png]
[templates.iqonic.design/foodsto/html/theme/dist/assets/images/blog/09.png]
[templates.iqonic.design/foodsto/html/theme/dist/assets/js/libs.min.js]
[templates.iqonic.design/foodsto/html/theme/dist/assets/vendor/gsap/gsap.min.js]
[templates.iqonic.design/foodsto/html/theme/dist/assets/vendor/gsap/ScrollTrigger.min.js]
[templates.iqonic.design/foodsto/html/theme/dist/assets/js/app.js]
[templates.iqonic.design/foodsto/html/theme/dist/assets/js/gsap.js]
[templates.iqonic.design/foodsto/html/theme/dist/assets/js/slider.js]
[templates.iqonic.design/foodsto/html/theme/dist/index.html]
[templates.iqonic.design/foodsto/html/theme/dist/assets/css/libs.min.css]
[templates.iqonic.design/foodsto/html/theme/dist/assets/vendor/@fortawesome/fontawesome-free/webfonts/fa-brands-400.eot]
[templates.iqonic.design/foodsto/html/theme/dist/assets/vendor/@fortawesome/fontawesome-free/webfonts/fa-brands-400d41d.eot]
[templates.iqonic.design/foodsto/html/theme/dist/assets/vendor/@fortawesome/fontawesome-free/webfonts/fa-brands-400.woff2]
[templates.iqonic.design/foodsto/html/theme/dist/assets/vendor/@fortawesome/fontawesome-free/webfonts/fa-brands-400.woff]
[templates.iqonic.design/foodsto/html/theme/dist/assets/vendor/@fortawesome/fontawesome-free/webfonts/fa-brands-400.ttf]
[templates.iqonic.design/foodsto/html/theme/dist/assets/vendor/@fortawesome/fontawesome-free/webfonts/fa-regular-400.eot]
[templates.iqonic.design/foodsto/html/theme/dist/assets/vendor/@fortawesome/fontawesome-free/webfonts/fa-brands-400.svg]
[templates.iqonic.design/foodsto/html/theme/dist/assets/vendor/@fortawesome/fontawesome-free/webfonts/fa-regular-400d41d.eot]
[templates.iqonic.design/foodsto/html/theme/dist/assets/vendor/@fortawesome/fontawesome-free/webfonts/fa-regular-400.woff2]
[templates.iqonic.design/foodsto/html/theme/dist/assets/vendor/@fortawesome/fontawesome-free/webfonts/fa-regular-400.woff]
[templates.iqonic.design/foodsto/html/theme/dist/assets/vendor/@fortawesome/fontawesome-free/webfonts/fa-regular-400.ttf]
[templates.iqonic.design/foodsto/html/theme/dist/assets/vendor/@fortawesome/fontawesome-free/webfonts/fa-regular-400.svg]
[templates.iqonic.design/foodsto/html/theme/dist/assets/vendor/@fortawesome/fontawesome-free/webfonts/fa-solid-900.woff2]
[templates.iqonic.design/foodsto/html/theme/dist/assets/vendor/@fortawesome/fontawesome-free/webfonts/fa-solid-900.eot]
[templates.iqonic.design/foodsto/html/theme/dist/assets/vendor/@fortawesome/fontawesome-free/webfonts/fa-solid-900d41d.eot]
[templates.iqonic.design/foodsto/html/theme/dist/assets/vendor/@fortawesome/fontawesome-free/webfonts/fa-solid-900.woff]
[templates.iqonic.design/foodsto/html/theme/dist/assets/vendor/@fortawesome/fontawesome-free/css/all.min.css]
[templates.iqonic.design/foodsto/html/theme/dist/assets/vendor/@fortawesome/fontawesome-free/webfonts/fa-solid-900.ttf]
[templates.iqonic.design/foodsto/html/theme/dist/assets/images/services/service-bg.png]
[templates.iqonic.design/foodsto/html/theme/dist/assets/images/services/01.png]
[templates.iqonic.design/foodsto/html/theme/dist/assets/images/services/02.png]
[templates.iqonic.design/foodsto/html/theme/dist/assets/vendor/@fortawesome/fontawesome-free/webfonts/fa-solid-900.svg]
[templates.iqonic.design/foodsto/html/theme/dist/assets/images/services/03.png]
[templates.iqonic.design/foodsto/html/theme/dist/assets/images/services/06.png]
[templates.iqonic.design/foodsto/html/theme/dist/assets/images/services/05.png]
[templates.iqonic.design/foodsto/html/theme/dist/assets/images/testimonial/banner-01.jpg]
[templates.iqonic.design/foodsto/html/theme/dist/assets/images/product-offer/01.jpg]
[templates.iqonic.design/foodsto/html/theme/dist/assets/images/category-product/banner.jpg]
[templates.iqonic.design/foodsto/html/theme/dist/assets/images/banner/banner-shap-3.png]
[templates.iqonic.design/foodsto/html/theme/dist/assets/images/banner/banner-shap-4.png]
[templates.iqonic.design/foodsto/html/theme/dist/assets/images/banner/banner-2-shap3.png]
[templates.iqonic.design/foodsto/html/theme/dist/assets/images/banner/banner-2-shap5.png]
[templates.iqonic.design/foodsto/html/theme/dist/assets/images/banner/banner-2-shap2.png]
[templates.iqonic.design/foodsto/html/theme/dist/assets/images/banner/banner-2-shap1.png]
[templates.iqonic.design/foodsto/html/theme/dist/assets/images/banner/banner-2-shap4.png]
[templates.iqonic.design/foodsto/html/theme/dist/assets/images/banner/banner-3-shap1.png]
[templates.iqonic.design/foodsto/html/theme/dist/assets/images/banner/banner-3-shap-2.png]
[templates.iqonic.design/foodsto/html/theme/dist/assets/images/product/organic-product/01.png]
[templates.iqonic.design/foodsto/html/theme/dist/assets/images/product/feature-product/01.png]
[templates.iqonic.design/foodsto/html/theme/dist/assets/images/loader.gif]
[templates.iqonic.design/foodsto/html/theme/dist/assets/css/foodsto.mine209.css]
[www.googletagmanager.com/gtm5445.html]
[templates.iqonic.design/foodsto/html/theme/dist/assets/images/banner/banner-img-2.png]
[templates.iqonic.design/foodsto/html/theme/dist/assets/images/banner/shap-9.png]
[templates.iqonic.design/foodsto/html/theme/dist/assets/images/about-us/01.jpg]
[templates.iqonic.design/foodsto/html/theme/dist/assets/images/about-us/03.png]
[templates.iqonic.design/foodsto/html/theme/dist/assets/images/about-us/04.png]
[templates.iqonic.design/foodsto/html/theme/dist/assets/images/about-us/05.png]
[templates.iqonic.design/foodsto/html/theme/dist/assets/images/about-us/06.png]
[templates.iqonic.design/foodsto/html/theme/dist/assets/images/product/17.jpg]
[templates.iqonic.design/foodsto/html/theme/dist/assets/images/product/10.jpg]
[templates.iqonic.design/foodsto/html/theme/dist/assets/images/product/18.jpg]
[templates.iqonic.design/foodsto/html/theme/dist/assets/images/testimonial/qu-4.png]
[templates.iqonic.design/foodsto/html/theme/dist/home-2.html]
[templates.iqonic.design/foodsto/html/theme/dist/assets/images/banner/banner-img-3.png]
[templates.iqonic.design/foodsto/html/theme/dist/assets/images/banner/shap-12.png]
[templates.iqonic.design/foodsto/html/theme/dist/assets/images/about-us/sing-4.png]
[templates.iqonic.design/foodsto/html/theme/dist/assets/images/about-us/01.png]
[templates.iqonic.design/foodsto/html/theme/dist/assets/images/about-us/02.png]
[templates.iqonic.design/foodsto/html/theme/dist/assets/images/video/video-3.png]
[templates.iqonic.design/foodsto/html/theme/dist/assets/images/services/07.png]
[templates.iqonic.design/foodsto/html/theme/dist/assets/images/services/08.png]
[templates.iqonic.design/foodsto/html/theme/dist/home-3.html]
[templates.iqonic.design/foodsto/html/theme/dist/assets/images/banner/pages-banner.png]
[templates.iqonic.design/foodsto/html/theme/dist/about-us.html]
[templates.iqonic.design/foodsto/html/theme/dist/assets/images/our-team/01.png]
[templates.iqonic.design/foodsto/html/theme/dist/assets/images/our-team/02.png]
[templates.iqonic.design/foodsto/html/theme/dist/assets/images/our-team/03.png]
[templates.iqonic.design/foodsto/html/theme/dist/assets/images/our-team/04.png]
[templates.iqonic.design/foodsto/html/theme/dist/assets/images/our-team/05.png]
[templates.iqonic.design/foodsto/html/theme/dist/assets/images/our-team/06.png]
[templates.iqonic.design/foodsto/html/theme/dist/assets/images/our-team/07.png]
[templates.iqonic.design/foodsto/html/theme/dist/assets/images/our-team/08.png]
[templates.iqonic.design/foodsto/html/theme/dist/assets/images/our-team/09.png]
[templates.iqonic.design/foodsto/html/theme/dist/assets/images/our-team/10.png]
[templates.iqonic.design/foodsto/html/theme/dist/assets/images/our-team/11.png]
[templates.iqonic.design/foodsto/html/theme/dist/assets/images/our-team/12.png]
[templates.iqonic.design/foodsto/html/theme/dist/our-team.html]
[templates.iqonic.design/foodsto/html/theme/dist/assets/images/contact-us/01.png]
[templates.iqonic.design/foodsto/html/theme/dist/contact-us.html]
[templates.iqonic.design/foodsto/html/theme/dist/assets/images/category/01.png]
[templates.iqonic.design/foodsto/html/theme/dist/assets/images/category/02.png]
[templates.iqonic.design/foodsto/html/theme/dist/assets/images/category/03.png]
[templates.iqonic.design/foodsto/html/theme/dist/assets/images/category/04.png]
[templates.iqonic.design/foodsto/html/theme/dist/assets/images/category/05.png]
[templates.iqonic.design/foodsto/html/theme/dist/assets/images/category/06.png]
[templates.iqonic.design/foodsto/html/theme/dist/assets/images/category/07.png]
[templates.iqonic.design/foodsto/html/theme/dist/assets/images/category/08.png]
[templates.iqonic.design/foodsto/html/theme/dist/assets/images/category/09.png]
[templates.iqonic.design/foodsto/html/theme/dist/assets/images/category/10.png]
[templates.iqonic.design/foodsto/html/theme/dist/assets/images/category/11.png]
[templates.iqonic.design/foodsto/html/theme/dist/assets/images/category/12.png]
[templates.iqonic.design/foodsto/html/theme/dist/category-list.html]
[templates.iqonic.design/foodsto/html/theme/dist/shop/shop-three-column.html]
[templates.iqonic.design/foodsto/html/theme/dist/shop/shop-four-column.html]
[templates.iqonic.design/foodsto/html/theme/dist/shop/shop-left-sidebar.html]
[templates.iqonic.design/foodsto/html/theme/dist/shop/shop-right-sidebar.html]
[templates.iqonic.design/foodsto/html/theme/dist/assets/images/product/new-product/01.jpg]
[templates.iqonic.design/foodsto/html/theme/dist/assets/images/product/new-product/02.jpg]
[templates.iqonic.design/foodsto/html/theme/dist/assets/images/product/new-product/1.jpg]
[templates.iqonic.design/foodsto/html/theme/dist/assets/images/product/new-product/2.jpg]
[templates.iqonic.design/foodsto/html/theme/dist/assets/images/product/new-product/3.jpg]
[templates.iqonic.design/foodsto/html/theme/dist/assets/images/product/new-product/11.png]
[templates.iqonic.design/foodsto/html/theme/dist/assets/images/product/new-product/12.png]
[templates.iqonic.design/foodsto/html/theme/dist/assets/images/product/new-product/13.png]
[templates.iqonic.design/foodsto/html/theme/dist/assets/images/product/new-product/14.png]
[templates.iqonic.design/foodsto/html/theme/dist/assets/images/blog/11.png]
[templates.iqonic.design/foodsto/html/theme/dist/product/new-product.html]
[templates.iqonic.design/foodsto/html/theme/dist/assets/images/product/onSale/01.jpg]
[templates.iqonic.design/foodsto/html/theme/dist/assets/images/product/onSale/03.jpg]
[templates.iqonic.design/foodsto/html/theme/dist/assets/images/product/onSale/1.jpg]
[templates.iqonic.design/foodsto/html/theme/dist/assets/images/product/onSale/2.jpg]
[templates.iqonic.design/foodsto/html/theme/dist/assets/images/product/onSale/3.jpg]
[templates.iqonic.design/foodsto/html/theme/dist/product/onSale.html]
[templates.iqonic.design/foodsto/html/theme/dist/assets/images/product/outOfStockProduct/01.jpg]
[templates.iqonic.design/foodsto/html/theme/dist/assets/images/product/outOfStockProduct/02.jpg]
[templates.iqonic.design/foodsto/html/theme/dist/assets/images/product/outOfStockProduct/03.jpg]
[templates.iqonic.design/foodsto/html/theme/dist/assets/images/product/outOfStockProduct/1.jpg]
[templates.iqonic.design/foodsto/html/theme/dist/assets/images/product/outOfStockProduct/2.jpg]
[templates.iqonic.design/foodsto/html/theme/dist/assets/images/product/outOfStockProduct/3.jpg]
[templates.iqonic.design/foodsto/html/theme/dist/product/outOfStockProduct.html]
[templates.iqonic.design/foodsto/html/theme/dist/assets/images/banner/banner-shap-6.jpg]
[templates.iqonic.design/foodsto/html/theme/dist/assets/images/banner/banner-img-7.png]
[templates.iqonic.design/foodsto/html/theme/dist/blog/one-column-blog.html]
[templates.iqonic.design/foodsto/html/theme/dist/assets/images/banner/shap-13.jpg]
[templates.iqonic.design/foodsto/html/theme/dist/blog/two-column-blog.html]
[templates.iqonic.design/foodsto/html/theme/dist/blog/three-column-blog.html]
[templates.iqonic.design/foodsto/html/theme/dist/assets/images/testimonial/07.png]
[templates.iqonic.design/foodsto/html/theme/dist/assets/images/blog/10.png]
[templates.iqonic.design/foodsto/html/theme/dist/blog/left-sidebar-blog.html]
[templates.iqonic.design/foodsto/html/theme/dist/blog/right-sidebar-blog.html]
[templates.iqonic.design/foodsto/html/theme/dist/assets/images/cart/snack-1.jpg]
[templates.iqonic.design/foodsto/html/theme/dist/cart.html]
[templates.iqonic.design/foodsto/html/theme/dist/checkout.html]
[templates.iqonic.design/foodsto/html/theme/dist/assets/images/cart/snack-2.jpg]
[templates.iqonic.design/foodsto/html/theme/dist/wishlist.html]
[templates.iqonic.design/foodsto/html/theme/dist/blog/blog-detail.html]
[templates.iqonic.design/foodsto/html/theme/dist/assets/vendor/@fortawesome/fontawesome-free/webfonts/fa-brands-400.svg]
[templates.iqonic.design/foodsto/html/theme/dist/assets/vendor/@fortawesome/fontawesome-free/webfonts/fa-regular-400.svg]
[templates.iqonic.design/foodsto/html/theme/dist/assets/vendor/@fortawesome/fontawesome-free/webfonts/fa-solid-900.svg]
